Processing argument './test_inputs/case7.txt'
Reading './test_inputs/case7.txt':
Student 'Studious Student' (0123456):

1 terms
Term F16:
    Term GPA : Infinity

    Overall GPA : Infinity
